// Jest Snapshot v1, https://goo.gl/fbAQLP

exports[`rendering renders correctly mandatory props only 1`] = `
<div>
  <TextField
    disabled={false}
    id="test"
    placeholder={null}
    required={false}
    type="text"
  />
</div>
`;

exports[`rendering renders correctly with all props 1`] = `
<div>
  <label
    htmlFor="test"
  >
    label
  </label>
  <TextField
    disabled={true}
    id="test"
    placeholder="placeholder"
    required={true}
    type="email"
    value="value"
  />
  <div>
    some help
  </div>
  <div
    key="some error"
  >
    some error
  </div>
  <div
    key="another error"
  >
    another error
  </div>
</div>
`;
